| test.js:8:5:12:6 | a.forEa ... \\n    }) | test.js:10:20:10:25 | e.data |
| test.js:17:2:21:4 | a.forEa ... \\t}\\n\\t}]) | test.js:19:11:19:16 | e.data |
| test.js:26:2:30:3 | a.forEa ... \\t\\t}\\n\\t}) | test.js:28:11:28:16 | e.data |
| test.js:35:5:39:6 | a.forEa ... \\n    }) | test.js:37:20:37:25 | e.data |
| test.js:44:2:48:4 | a.forEa ... \\t}\\n\\t}]) | test.js:46:11:46:16 | e.data |
| test.js:53:2:57:3 | a.forEa ... \\t\\t}\\n\\t}) | test.js:55:11:55:16 | e.data |